current user:
vsevolod
UID GUI Group:
uid=501(vsevolod) gid=20(staff) groups=20(staff),12(everyone),61(localaccounts),79(_appserverusr),80(admin),81(_appserveradm),98(_lpadmin),702(com.apple.sharepoint.group.2),705(com.apple.sharepoint.group.5),704(com.apple.sharepoint.group.4),703(com.apple.sharepoint.group.3),701(com.apple.sharepoint.group.1),33(_appstore),100(_lpoperator),204(_developer),250(_analyticsusers),395(com.apple.access_ftp),398(com.apple.access_screensharing),399(com.apple.access_ssh),400(com.apple.access_remote_ae)
Users in system:
apple
com.malwarebytes.mbam.nobody
daemon
nobody
postgres
root
vsevolod
Home users direction:
Home directories:
apple                    /Users/apple
daemon                   /var/root
nobody                   /var/empty
postgres                 /Library/PostgreSQL/17
root                     /var/root /private/var/root
vsevolod                 /Users/vsevolod
UID-0:
root
